
$ git init
$ git config --global user.name "User1"
$ git config --global user.email "
$ git remote add origin url
$ touch amit
$ git status
$ git add .
$ git status
On branch main
$ git status
$ git show
$ git commit -m "this is my java file"
$ git status
On branch main
$ git add amit
$ git status
On branch main
$ git commit amit -m "This is my java file"
$ git show
$ git branch
$ git add
$ git status
On branch main
nothing to commit, working tree clean
$ git commit -m "my all file"
On branch main
nothing to commit, working tree clean
$ git commit list
$ git status
On branch main
nothing to commit, working tree clean
$ git branch
* main
$ git log
$ git show d48ae26
$ git push -u -f origin main

$ git push -u -f origin main
Everything up-to-date
branch 'main' set up to track 'origin/main'.
